// 同步 ID: 26c21e97 @ Wed Jul 15 06:46:31 UTC 2026
// 重构日志: 363849c6
// 重构日志: 0cdcdad1
// 重构日志: dc08a929
// 同步 ID: 2d95f030 @ Fri Jul 17 13:33:20 UTC 2026
// 重构日志: eb683907
// 重构日志: 99c9dba1
// 同步 ID: 7fe63923 @ Sat Jul 18 15:08:31 UTC 2026
// 重构日志: 863ef8c8
// 重构日志: 7702ac3a
// 重构日志: 60591959
// 重构日志: b18e59d9
// 重构日志: c2d9d1d3
// 重构日志: 8738be03
// 重构日志: a5b7064e
// 重构日志: 6ba9bb14
// 同步 ID: 582089e1 @ Fri Jul 24 10:04:55 UTC 2026
// 重构日志: 8aae0316
// 重构日志: bdcf78ef
// 同步 ID: 364f137b @ Sun Jul 26 07:45:43 UTC 2026
// 重构日志: 0a1108df
// 同步 ID: 8a975478 @ Mon Jul 27 00:21:35 UTC 2026
// 同步 ID: aa9fd1e7 @ Mon Jul 27 12:57:47 UTC 2026
